#
# There is insufficient memory for the Java Runtime Environment to continue.
# Native memory allocation (malloc) failed to allocate 1048576 bytes. Error detail: AllocateHeap
# Possible reasons:
#   The system is out of physical RAM or swap space
#   This process is running with CompressedOops enabled, and the Java Heap may be blocking the growth of the native heap
# Possible solutions:
#   Reduce memory load on the system
#   Increase physical memory or swap space
#   Check if swap backing store is full
#   Decrease Java heap size (-Xmx/-Xms)
#   Decrease number of Java threads
#   Decrease Java thread stack sizes (-Xss)
#   Set larger code cache with -XX:ReservedCodeCacheSize=
#   JVM is running with Unscaled Compressed Oops mode in which the Java heap is
#     placed in the first 4GB address space. The Java Heap base address is the
#     maximum limit for the native heap growth. Please use -XX:HeapBaseMinAddress
#     to set the Java Heap base and to place the Java Heap above 4GB virtual address.
# This output file may be truncated or incomplete.
#
#  Out of Memory Error (allocation.cpp:44), pid=17892, tid=7812
#
# JRE version: OpenJDK Runtime Environment Temurin-21.0.10+7 (21.0.10+7) (build 21.0.10+7-LTS)
# Java VM: OpenJDK 64-Bit Server VM Temurin-21.0.10+7 (21.0.10+7-LTS, mixed mode, sharing, tiered, compressed oops, compressed class ptrs, parallel gc, windows-amd64)
# No core dump will be written. Minidumps are not enabled by default on client versions of Windows
#

---------------  S U M M A R Y ------------

Command Line: --add-modules=ALL-SYSTEM --add-opens=java.base/java.util=ALL-UNNAMED --add-opens=java.base/java.lang=ALL-UNNAMED --add-opens=java.base/sun.nio.fs=ALL-UNNAMED -Declipse.application=org.eclipse.jdt.ls.core.id1 -Dosgi.bundles.defaultStartLevel=4 -Declipse.product=org.eclipse.jdt.ls.core.product -Djava.import.generatesMetadataFilesAtProjectRoot=false -DDetectVMInstallationsJob.disabled=true -Dfile.encoding=utf8 -XX:+UseParallelGC -XX:GCTimeRatio=4 -XX:AdaptiveSizePolicyWeight=90 -Dsun.zip.disableMemoryMapping=true -Xmx2G -Xms100m -Xlog:disable -javaagent:c:\Users\Admin\.antigravity\extensions\redhat.java-1.54.0-win32-x64\lombok\lombok-1.18.39-4050.jar -XX:+HeapDumpOnOutOfMemoryError -XX:HeapDumpPath=c:\Users\Admin\AppData\Roaming\Antigravity\User\workspaceStorage\8b5de3eeaf1628201ceb0d5f4a4255c1\redhat.java -Daether.dependencyCollector.impl=bf c:\Users\Admin\.antigravity\extensions\redhat.java-1.54.0-win32-x64\server\plugins\org.eclipse.equinox.launcher_1.7.100.v20251111-0406.jar -configuration c:\Users\Admin\AppData\Roaming\Antigravity\User\globalStorage\redhat.java\1.54.0\config_win -data c:\Users\Admin\AppData\Roaming\Antigravity\User\workspaceStorage\8b5de3eeaf1628201ceb0d5f4a4255c1\redhat.java\jdt_ws --pipe=\\.\pipe\lsp-24e2022ab9603923865bfd32d9a7bd6e-sock

Host: Intel(R) Core(TM) i5-1035G1 CPU @ 1.00GHz, 8 cores, 7G,  Windows 11 , 64 bit Build 26100 (10.0.26100.8246)
Time: Sat Apr 18 00:44:46 2026 India Standard Time elapsed time: 985.426862 seconds (0d 0h 16m 25s)

---------------  T H R E A D  ---------------

Current thread (0x000002840a1c6560):  JavaThread "Attach Listener" daemon [_thread_in_vm, id=7812, stack(0x000000b3f2e00000,0x000000b3f2f00000) (1024K)]

Stack: [0x000000b3f2e00000,0x000000b3f2f00000]
Native frames: (J=compiled Java code, j=interpreted, Vv=VM code, C=native code)
V  [jvm.dll+0x6d7a39]
V  [jvm.dll+0x8b4b26]
V  [jvm.dll+0x8b70de]
V  [jvm.dll+0x8b77c3]
V  [jvm.dll+0x284346]
V  [jvm.dll+0xc1277]
V  [jvm.dll+0x6d82e9]
V  [jvm.dll+0x1334a6]
V  [jvm.dll+0x3f857e]
V  [jvm.dll+0x85f59d]
V  [jvm.dll+0x6d626d]
C  [ucrtbase.dll+0x37b0]
C  [KERNEL32.DLL+0x2e8d7]
C  [ntdll.dll+0x8c3fc]


---------------  P R O C E S S  ---------------

Threads class SMR info:
_java_thread_list=0x0000028414a110b0, length=46, elements={
0x00000283b267f210, 0x000002840a1bb050, 0x000002840a1bdcc0, 0x000002840a1c5b00,
0x000002840a1c6560, 0x000002840a1c3310, 0x000002840a1d1490, 0x000002840a1d1f60,
0x000002840a1fd3f0, 0x000002840bc52fe0, 0x000002840be7df10, 0x0000028410795ef0,
0x00000284104e7270, 0x00000284107f2f10, 0x00000284104f6080, 0x0000028410b3cc30,
0x00000284102689e0, 0x00000284100f9ec0, 0x00000284107e9a60, 0x00000284107e8020,
0x00000284107ea780, 0x00000284107e86b0, 0x00000284130ac800, 0x00000284130ae8d0,
0x00000284130ace90, 0x00000284130aef60, 0x00000284130af5f0, 0x00000284130ad520,
0x00000284130ac170, 0x00000284130b1030, 0x00000284130b3100, 0x00000284130b2a70,
0x00000284130b23e0, 0x00000284130b09a0, 0x00000284130afc80, 0x00000284130b16c0,
0x0000028414b68cb0, 0x0000028414b67f90, 0x0000028414b6c130, 0x0000028414b69340,
0x0000028414b6c7c0, 0x0000028414b699d0, 0x0000028414b6ad80, 0x0000028414b6d4e0,
0x0000028414b6ef20, 0x0000028414b6f5b0
}

Java Threads: ( => current thread )
  0x00000283b267f210 JavaThread "main"                              [_thread_blocked, id=2560, stack(0x000000b3f2700000,0x000000b3f2800000) (1024K)]
  0x000002840a1bb050 JavaThread "Reference Handler"          daemon [_thread_blocked, id=10564, stack(0x000000b3f2b00000,0x000000b3f2c00000) (1024K)]
  0x000002840a1bdcc0 JavaThread "Finalizer"                  daemon [_thread_blocked, id=11072, stack(0x000000b3f2c00000,0x000000b3f2d00000) (1024K)]
  0x000002840a1c5b00 JavaThread "Signal Dispatcher"          daemon [_thread_blocked, id=11268, stack(0x000000b3f2d00000,0x000000b3f2e00000) (1024K)]
=>0x000002840a1c6560 JavaThread "Attach Listener"            daemon [_thread_in_vm, id=7812, stack(0x000000b3f2e00000,0x000000b3f2f00000) (1024K)]
  0x000002840a1c3310 JavaThread "Service Thread"             daemon [_thread_blocked, id=17200, stack(0x000000b3f2f00000,0x000000b3f3000000) (1024K)]
  0x000002840a1d1490 JavaThread "Monitor Deflation Thread"   daemon [_thread_blocked, id=9716, stack(0x000000b3f3000000,0x000000b3f3100000) (1024K)]
  0x000002840a1d1f60 JavaThread "C2 CompilerThread0"         daemon [_thread_blocked, id=16640, stack(0x000000b3f3100000,0x000000b3f3200000) (1024K)]
  0x000002840a1fd3f0 JavaThread "C1 CompilerThread0"         daemon [_thread_blocked, id=13944, stack(0x000000b3f3200000,0x000000b3f3300000) (1024K)]
  0x000002840bc52fe0 JavaThread "Common-Cleaner"             daemon [_thread_blocked, id=15636, stack(0x000000b3f3300000,0x000000b3f3400000) (1024K)]
  0x000002840be7df10 JavaThread "Notification Thread"        daemon [_thread_blocked, id=14272, stack(0x000000b3f3400000,0x000000b3f3500000) (1024K)]
  0x0000028410795ef0 JavaThread "Active Thread: Equinox Container: 6962045b-19bc-4735-945f-b5b442f5753d"        [_thread_blocked, id=18220, stack(0x000000b3f3600000,0x000000b3f3700000) (1024K)]
  0x00000284104e7270 JavaThread "Refresh Thread: Equinox Container: 6962045b-19bc-4735-945f-b5b442f5753d" daemon [_thread_blocked, id=352, stack(0x000000b3f3500000,0x000000b3f3600000) (1024K)]
  0x00000284107f2f10 JavaThread "Framework Event Dispatcher: Equinox Container: 6962045b-19bc-4735-945f-b5b442f5753d" daemon [_thread_blocked, id=10000, stack(0x000000b3f3e00000,0x000000b3f3f00000) (1024K)]
  0x00000284104f6080 JavaThread "Start Level: Equinox Container: 6962045b-19bc-4735-945f-b5b442f5753d" daemon [_thread_blocked, id=14248, stack(0x000000b3f3f00000,0x000000b3f4000000) (1024K)]
  0x0000028410b3cc30 JavaThread "Bundle File Closer"         daemon [_thread_blocked, id=7628, stack(0x000000b3f4100000,0x000000b3f4200000) (1024K)]
  0x00000284102689e0 JavaThread "SCR Component Actor"        daemon [_thread_blocked, id=5592, stack(0x000000b3f4000000,0x000000b3f4100000) (1024K)]
  0x00000284100f9ec0 JavaThread "Worker-JM"                         [_thread_blocked, id=2876, stack(0x000000b3f4400000,0x000000b3f4500000) (1024K)]
  0x00000284107e9a60 JavaThread "JNA Cleaner"                daemon [_thread_blocked, id=5868, stack(0x000000b3f4300000,0x000000b3f4400000) (1024K)]
  0x00000284107e8020 JavaThread "Worker-0"                          [_thread_blocked, id=2372, stack(0x000000b3f4500000,0x000000b3f4600000) (1024K)]
  0x00000284107ea780 JavaThread "Worker-1"                          [_thread_blocked, id=12132, stack(0x000000b3f4600000,0x000000b3f4700000) (1024K)]
  0x00000284107e86b0 JavaThread "Java indexing"              daemon [_thread_blocked, id=15724, stack(0x000000b3f4900000,0x000000b3f4a00000) (1024K)]
  0x00000284130ac800 JavaThread "Thread-1"                   daemon [_thread_in_native, id=12860, stack(0x000000b3f4f00000,0x000000b3f5000000) (1024K)]
  0x00000284130ae8d0 JavaThread "Thread-2"                   daemon [_thread_in_native, id=9772, stack(0x000000b3f5000000,0x000000b3f5100000) (1024K)]
  0x00000284130ace90 JavaThread "Thread-3"                   daemon [_thread_in_native, id=18188, stack(0x000000b3f5100000,0x000000b3f5200000) (1024K)]
  0x00000284130aef60 JavaThread "Thread-4"                   daemon [_thread_in_native, id=11500, stack(0x000000b3f5200000,0x000000b3f5300000) (1024K)]
  0x00000284130af5f0 JavaThread "Thread-5"                   daemon [_thread_in_native, id=5936, stack(0x000000b3f5300000,0x000000b3f5400000) (1024K)]
  0x00000284130ad520 JavaThread "Thread-6"                   daemon [_thread_in_native, id=16880, stack(0x000000b3f5400000,0x000000b3f5500000) (1024K)]
  0x00000284130ac170 JavaThread "Thread-7"                   daemon [_thread_in_native, id=5264, stack(0x000000b3f5500000,0x000000b3f5600000) (1024K)]
  0x00000284130b1030 JavaThread "Thread-8"                   daemon [_thread_in_native, id=17000, stack(0x000000b3f5600000,0x000000b3f5700000) (1024K)]
  0x00000284130b3100 JavaThread "Thread-9"                   daemon [_thread_in_native, id=18320, stack(0x000000b3f5700000,0x000000b3f5800000) (1024K)]
  0x00000284130b2a70 JavaThread "pool-2-thread-1"                   [_thread_blocked, id=5468, stack(0x000000b3f5800000,0x000000b3f5900000) (1024K)]
  0x00000284130b23e0 JavaThread "Timer-0"                           [_thread_blocked, id=13128, stack(0x000000b3f5900000,0x000000b3f5a00000) (1024K)]
  0x00000284130b09a0 JavaThread "WorkspaceEventsHandler"            [_thread_blocked, id=12332, stack(0x000000b3f5a00000,0x000000b3f5b00000) (1024K)]
  0x00000284130afc80 JavaThread "pool-1-thread-1"                   [_thread_blocked, id=15992, stack(0x000000b3f5b00000,0x000000b3f5c00000) (1024K)]
  0x00000284130b16c0 JavaThread "Timer-1"                           [_thread_blocked, id=8316, stack(0x000000b3f5c00000,0x000000b3f5d00000) (1024K)]
  0x0000028414b68cb0 JavaThread "Timer-2"                           [_thread_blocked, id=15804, stack(0x000000b3f4700000,0x000000b3f4800000) (1024K)]
  0x0000028414b67f90 JavaThread "Timer-3"                           [_thread_blocked, id=10416, stack(0x000000b3f5d00000,0x000000b3f5e00000) (1024K)]
  0x0000028414b6c130 JavaThread "Timer-4"                           [_thread_blocked, id=17396, stack(0x000000b3f4200000,0x000000b3f4300000) (1024K)]
  0x0000028414b69340 JavaThread "Timer-5"                           [_thread_blocked, id=15496, stack(0x000000b3f5f00000,0x000000b3f6000000) (1024K)]
  0x0000028414b6c7c0 JavaThread "Timer-6"                           [_thread_blocked, id=4772, stack(0x000000b3f6000000,0x000000b3f6100000) (1024K)]
  0x0000028414b699d0 JavaThread "Timer-7"                           [_thread_blocked, id=7668, stack(0x000000b3f6100000,0x000000b3f6200000) (1024K)]
  0x0000028414b6ad80 JavaThread "Timer-8"                           [_thread_blocked, id=18896, stack(0x000000b3f6200000,0x000000b3f6300000) (1024K)]
  0x0000028414b6d4e0 JavaThread "Timer-9"                           [_thread_blocked, id=18916, stack(0x000000b3f6400000,0x000000b3f6500000) (1024K)]
  0x0000028414b6ef20 JavaThread "Timer-10"                          [_thread_blocked, id=18720, stack(0x000000b3f5e00000,0x000000b3f5f00000) (1024K)]
  0x0000028414b6f5b0 JavaThread "Timer-11"                          [_thread_blocked, id=18672, stack(0x000000b3f6b00000,0x000000b3f6c00000) (1024K)]
Total: 46

Other Threads:
  0x000002840a1a25d0 VMThread "VM Thread"                           [id=12128, stack(0x000000b3f2a00000,0x000000b3f2b00000) (1024K)]
  0x00000283b26ec990 WatcherThread "VM Periodic Task Thread"        [id=7176, stack(0x000000b3f2900000,0x000000b3f2a00000) (1024K)]
  0x00000283b269d660 WorkerThread "GC Thread#0"                     [id=12016, stack(0x000000b3f2800000,0x000000b3f2900000) (1024K)]
  0x00000284100b9c50 WorkerThread "GC Thread#1"                     [id=7576, stack(0x000000b3f3700000,0x000000b3f3800000) (1024K)]
  0x00000284100ba000 WorkerThread "GC Thread#2"                     [id=16656, stack(0x000000b3f3800000,0x000000b3f3900000) (1024K)]
  0x00000284100ba3b0 WorkerThread "GC Thread#3"                     [id=15936, stack(0x000000b3f3900000,0x000000b3f3a00000) (1024K)]
  0x00000284101b9740 WorkerThread "GC Thread#4"                     [id=18240, stack(0x000000b3f3a00000,0x000000b3f3b00000) (1024K)]
  0x00000284101b9af0 WorkerThread "GC Thread#5"                     [id=9448, stack(0x000000b3f3b00000,0x000000b3f3c00000) (1024K)]
  0x00000284101b9ea0 WorkerThread "GC Thread#6"                     [id=3332, stack(0x000000b3f3c00000,0x000000b3f3d00000) (1024K)]
  0x000002841053eb90 WorkerThread "GC Thread#7"                     [id=10944, stack(0x000000b3f3d00000,0x000000b3f3e00000) (1024K)]
Total: 10

Threads with active compile tasks:
Total: 0

VM state: not at safepoint (normal execution)

VM Mutex/Monitor currently owned by a thread: None

Heap address: 0x0000000080000000, size: 2048 MB, Compressed Oops mode: 32-bit

CDS archive(s) mapped at: [0x00000283c9000000-0x00000283c9ba0000-0x00000283c9ba0000), size 12189696, SharedBaseAddress: 0x00000283c9000000, ArchiveRelocationMode: 1.
Compressed class space mapped at: 0x00000283ca000000-0x000002840a000000, reserved size: 1073741824
Narrow klass base: 0x00000283c9000000, Narrow klass shift: 0, Narrow klass range: 0x100000000

GC Precious Log:
 CardTable entry size: 512
 CPUs: 8 total, 8 available
 Memory: 7959M
 Large Page Support: Disabled
 NUMA Support: Disabled
 Compressed Oops: Enabled (32-bit)
 Alignments: Space 512K, Generation 512K, Heap 2M
 Heap Min Capacity: 100M
 Heap Initial Capacity: 100M
 Heap Max Capacity: 2G
 Pre-touch: Disabled
 Parallel Workers: 8

Heap:
 PSYoungGen      total 18432K, used 17451K [0x00000000d5580000, 0x00000000d6900000, 0x0000000100000000)
  eden space 17408K, 96% used [0x00000000d5580000,0x00000000d65d4d70,0x00000000d6680000)
  from space 1024K, 71% used [0x00000000d6700000,0x00000000d67b6088,0x00000000d6800000)
  to   space 1024K, 0% used [0x00000000d6800000,0x00000000d6800000,0x00000000d6900000)
 ParOldGen       total 68608K, used 45402K [0x0000000080000000, 0x0000000084300000, 0x00000000d5580000)
  object space 68608K, 66% used [0x0000000080000000,0x0000000082c56a10,0x0000000084300000)
 Metaspace       used 66553K, committed 68096K, reserved 1114112K
  class space    used 8433K, committed 9088K, reserved 1048576K

Card table byte_map: [0x00000283b2030000,0x00000283b2440000] _byte_map_base: 0x00000283b1c30000

Marking Bits: (ParMarkBitMap*) 0x00007ffc6c603450
 Begin Bits: [0x00000283c4b30000, 0x00000283c6b30000)
 End Bits:   [0x00000283c6b30000, 0x00000283c8b30000)

Polling page: 0x00000283b0870000

Metaspace:

Usage:
  Non-class:     56.76 MB used.
      Class:      8.24 MB used.
       Both:     64.99 MB used.

Virtual space:
  Non-class space:       64.00 MB reserved,      57.62 MB ( 90%) committed,  1 nodes.
      Class space:        1.00 GB reserved,       8.88 MB ( <1%) committed,  1 nodes.
             Both:        1.06 GB reserved,      66.50 MB (  6%) committed. 

Chunk freelists:
   Non-Class:  6.32 MB
       Class:  7.07 MB
        Both:  13.39 MB

MaxMetaspaceSize: unlimited
CompressedClassSpaceSize: 1.00 GB
Initial GC threshold: 21.00 MB
Current GC threshold: 97.31 MB
CDS: on
 - commit_granule_bytes: 65536.
 - commit_granule_words: 8192.
 - virtual_space_node_default_size: 8388608.
 - enlarge_chunks_in_place: 1.
 - use_allocation_guard: 0.


Internal statistics:

num_allocs_failed_limit: 9.
num_arena_births: 1386.
num_arena_deaths: 34.
num_vsnodes_births: 2.
num_vsnodes_deaths: 0.
num_space_committed: 1064.
num_space_uncommitted: 0.
num_chunks_returned_to_freelist: 47.
num_chunks_taken_from_freelist: 4551.
num_chunk_merges: 16.
num_chunk_splits: 2795.
num_chunks_enlarged: 1563.
num_inconsistent_stats: 0.

CodeHeap 'non-profiled nmethods': size=120000Kb used=5770Kb max_used=5770Kb free=114229Kb
 bounds [0x00000283bd350000, 0x00000283bd900000, 0x00000283c4880000]
CodeHeap 'profiled nmethods': size=120000Kb used=16436Kb max_used=16436Kb free=103563Kb
 bounds [0x00000283b5880000, 0x00000283b6890000, 0x00000283bcdb0000]
CodeHeap 'non-nmethods': size=5760Kb used=1403Kb max_used=1461Kb free=4356Kb
 bounds [0x00000283bcdb0000, 0x00000283bd020000, 0x00000283bd350000]
CodeCache: size=245760Kb, used=23609Kb, max_used=23667Kb, free=222148Kb
 total_blobs=8608, nmethods=7911, adapters=603, full_count=0
Compilation: enabled, stopped_count=0, restarted_count=0

Compilation events (20 events):
Event: 732.873 Thread 0x000002840a1fd3f0 8635   !   3       java.util.concurrent.locks.AbstractQueuedSynchronizer$ConditionObject::newConditionNode (78 bytes)
Event: 732.875 Thread 0x000002840a1fd3f0 nmethod 8635 0x00000283b6887890 code [0x00000283b6887b00, 0x00000283b68882e0]
Event: 732.875 Thread 0x000002840a1fd3f0 8636       3       java.util.concurrent.locks.AbstractQueuedSynchronizer$ConditionNode::<init> (5 bytes)
Event: 732.875 Thread 0x000002840a1fd3f0 nmethod 8636 0x00000283b6888590 code [0x00000283b6888740, 0x00000283b6888908]
Event: 743.050 Thread 0x000002840a1fd3f0 8637       3       java.util.concurrent.ScheduledThreadPoolExecutor$ScheduledFutureTask::isPeriodic (15 bytes)
Event: 743.050 Thread 0x000002840a1fd3f0 nmethod 8637 0x00000283b6888a10 code [0x00000283b6888ba0, 0x00000283b6888d08]
Event: 762.874 Thread 0x000002840a1fd3f0 8638   !   3       java.util.concurrent.locks.AbstractQueuedSynchronizer::reacquire (64 bytes)
Event: 762.875 Thread 0x000002840a1fd3f0 nmethod 8638 0x00000283b6888d90 code [0x00000283b6888f60, 0x00000283b68892d0]
Event: 783.052 Thread 0x000002840a1fd3f0 8641   !   3       java.util.concurrent.ScheduledThreadPoolExecutor$DelayedWorkQueue::take (203 bytes)
Event: 783.055 Thread 0x000002840a1fd3f0 nmethod 8641 0x00000283b6889490 code [0x00000283b6889860, 0x00000283b688b100]
Event: 783.055 Thread 0x000002840a1fd3f0 8640       3       java.util.concurrent.ScheduledThreadPoolExecutor$DelayedWorkQueue::take (5 bytes)
Event: 783.055 Thread 0x000002840a1fd3f0 nmethod 8640 0x00000283b688bc10 code [0x00000283b688bdc0, 0x00000283b688bf18]
Event: 803.054 Thread 0x000002840a1fd3f0 8642       3       java.util.concurrent.ScheduledThreadPoolExecutor$DelayedWorkQueue::add (9 bytes)
Event: 803.055 Thread 0x000002840a1fd3f0 nmethod 8642 0x00000283b688c010 code [0x00000283b688c1e0, 0x00000283b688c4b8]
Event: 803.055 Thread 0x000002840a1fd3f0 8643       3       java.util.concurrent.ScheduledThreadPoolExecutor$DelayedWorkQueue::add (6 bytes)
Event: 803.055 Thread 0x000002840a1fd3f0 nmethod 8643 0x00000283b688c590 code [0x00000283b688c740, 0x00000283b688c898]
Event: 844.111 Thread 0x000002840a1fd3f0 8644       3       java.util.concurrent.ScheduledThreadPoolExecutor$ScheduledFutureTask::run (57 bytes)
Event: 844.112 Thread 0x000002840a1fd3f0 nmethod 8644 0x00000283b688c990 code [0x00000283b688cbc0, 0x00000283b688d130]
Event: 852.878 Thread 0x000002840a1d1f60 8645       4       jdk.internal.misc.VM::isSystemDomainLoader (17 bytes)
Event: 852.879 Thread 0x000002840a1d1f60 nmethod 8645 0x00000283bd8f2790 code [0x00000283bd8f2920, 0x00000283bd8f29a8]

GC Heap History (20 events):
Event: 24.287 GC heap before
{Heap before GC invocations=45 (full 3):
 PSYoungGen      total 18944K, used 18199K [0x00000000d5580000, 0x00000000d6a80000, 0x0000000100000000)
  eden space 17408K, 100% used [0x00000000d5580000,0x00000000d6680000,0x00000000d6680000)
  from space 1536K, 51% used [0x00000000d6800000,0x00000000d68c5cf8,0x00000000d6980000)
  to   space 1024K, 0% used [0x00000000d6980000,0x00000000d6980000,0x00000000d6a80000)
 ParOldGen       total 68608K, used 41059K [0x0000000080000000, 0x0000000084300000, 0x00000000d5580000)
  object space 68608K, 59% used [0x0000000080000000,0x0000000082818f70,0x0000000084300000)
 Metaspace       used 60529K, committed 61824K, reserved 1114112K
  class space    used 7630K, committed 8192K, reserved 1048576K
}
Event: 24.288 GC heap after
{Heap after GC invocations=45 (full 3):
 PSYoungGen      total 17920K, used 256K [0x00000000d5580000, 0x00000000d6a00000, 0x0000000100000000)
  eden space 17408K, 0% used [0x00000000d5580000,0x00000000d5580000,0x00000000d6680000)
  from space 512K, 50% used [0x00000000d6980000,0x00000000d69c0000,0x00000000d6a00000)
  to   space 512K, 0% used [0x00000000d6900000,0x00000000d6900000,0x00000000d6980000)
 ParOldGen       total 68608K, used 41115K [0x0000000080000000, 0x0000000084300000, 0x00000000d5580000)
  object space 68608K, 59% used [0x0000000080000000,0x0000000082826f70,0x0000000084300000)
 Metaspace       used 60529K, committed 61824K, reserved 1114112K
  class space    used 7630K, committed 8192K, reserved 1048576K
}
Event: 24.706 GC heap before
{Heap before GC invocations=46 (full 3):
 PSYoungGen      total 17920K, used 17664K [0x00000000d5580000, 0x00000000d6a00000, 0x0000000100000000)
  eden space 17408K, 100% used [0x00000000d5580000,0x00000000d6680000,0x00000000d6680000)
  from space 512K, 50% used [0x00000000d6980000,0x00000000d69c0000,0x00000000d6a00000)
  to   space 512K, 0% used [0x00000000d6900000,0x00000000d6900000,0x00000000d6980000)
 ParOldGen       total 68608K, used 41115K [0x0000000080000000, 0x0000000084300000, 0x00000000d5580000)
  object space 68608K, 59% used [0x0000000080000000,0x0000000082826f70,0x0000000084300000)
 Metaspace       used 60529K, committed 61824K, reserved 1114112K
  class space    used 7630K, committed 8192K, reserved 1048576K
}
Event: 24.707 GC heap after
{Heap after GC invocations=46 (full 3):
 PSYoungGen      total 17920K, used 503K [0x00000000d5580000, 0x00000000d6a00000, 0x0000000100000000)
  eden space 17408K, 0% used [0x00000000d5580000,0x00000000d5580000,0x00000000d6680000)
  from space 512K, 98% used [0x00000000d6900000,0x00000000d697df30,0x00000000d6980000)
  to   space 512K, 0% used [0x00000000d6980000,0x00000000d6980000,0x00000000d6a00000)
 ParOldGen       total 68608K, used 41808K [0x0000000080000000, 0x0000000084300000, 0x00000000d5580000)
  object space 68608K, 60% used [0x0000000080000000,0x00000000828d4330,0x0000000084300000)
 Metaspace       used 60529K, committed 61824K, reserved 1114112K
  class space    used 7630K, committed 8192K, reserved 1048576K
}
Event: 24.882 GC heap before
{Heap before GC invocations=47 (full 3):
 PSYoungGen      total 17920K, used 17911K [0x00000000d5580000, 0x00000000d6a00000, 0x0000000100000000)
  eden space 17408K, 100% used [0x00000000d5580000,0x00000000d6680000,0x00000000d6680000)
  from space 512K, 98% used [0x00000000d6900000,0x00000000d697df30,0x00000000d6980000)
  to   space 512K, 0% used [0x00000000d6980000,0x00000000d6980000,0x00000000d6a00000)
 ParOldGen       total 68608K, used 41808K [0x0000000080000000, 0x0000000084300000, 0x00000000d5580000)
  object space 68608K, 60% used [0x0000000080000000,0x00000000828d4330,0x0000000084300000)
 Metaspace       used 60529K, committed 61824K, reserved 1114112K
  class space    used 7630K, committed 8192K, reserved 1048576K
}
Event: 24.885 GC heap after
{Heap after GC invocations=47 (full 3):
 PSYoungGen      total 17920K, used 487K [0x00000000d5580000, 0x00000000d6a00000, 0x0000000100000000)
  eden space 17408K, 0% used [0x00000000d5580000,0x00000000d5580000,0x00000000d6680000)
  from space 512K, 95% used [0x00000000d6980000,0x00000000d69f9f00,0x00000000d6a00000)
  to   space 1536K, 0% used [0x00000000d6700000,0x00000000d6700000,0x00000000d6880000)
 ParOldGen       total 68608K, used 42536K [0x0000000080000000, 0x0000000084300000, 0x00000000d5580000)
  object space 68608K, 61% used [0x0000000080000000,0x000000008298a1c0,0x0000000084300000)
 Metaspace       used 60529K, committed 61824K, reserved 1114112K
  class space    used 7630K, committed 8192K, reserved 1048576K
}
Event: 25.093 GC heap before
{Heap before GC invocations=48 (full 3):
 PSYoungGen      total 17920K, used 17895K [0x00000000d5580000, 0x00000000d6a00000, 0x0000000100000000)
  eden space 17408K, 100% used [0x00000000d5580000,0x00000000d6680000,0x00000000d6680000)
  from space 512K, 95% used [0x00000000d6980000,0x00000000d69f9f00,0x00000000d6a00000)
  to   space 1536K, 0% used [0x00000000d6700000,0x00000000d6700000,0x00000000d6880000)
 ParOldGen       total 68608K, used 42536K [0x0000000080000000, 0x0000000084300000, 0x00000000d5580000)
  object space 68608K, 61% used [0x0000000080000000,0x000000008298a1c0,0x0000000084300000)
 Metaspace       used 61499K, committed 62784K, reserved 1114112K
  class space    used 7762K, committed 8320K, reserved 1048576K
}
Event: 25.094 GC heap after
{Heap after GC invocations=48 (full 3):
 PSYoungGen      total 18944K, used 400K [0x00000000d5580000, 0x00000000d6a00000, 0x0000000100000000)
  eden space 17408K, 0% used [0x00000000d5580000,0x00000000d5580000,0x00000000d6680000)
  from space 1536K, 26% used [0x00000000d6700000,0x00000000d6764010,0x00000000d6880000)
  to   space 1024K, 0% used [0x00000000d6900000,0x00000000d6900000,0x00000000d6a00000)
 ParOldGen       total 68608K, used 42576K [0x0000000080000000, 0x0000000084300000, 0x00000000d5580000)
  object space 68608K, 62% used [0x0000000080000000,0x00000000829941c0,0x0000000084300000)
 Metaspace       used 61499K, committed 62784K, reserved 1114112K
  class space    used 7762K, committed 8320K, reserved 1048576K
}
Event: 26.063 GC heap before
{Heap before GC invocations=49 (full 3):
 PSYoungGen      total 18944K, used 17808K [0x00000000d5580000, 0x00000000d6a00000, 0x0000000100000000)
  eden space 17408K, 100% used [0x00000000d5580000,0x00000000d6680000,0x00000000d6680000)
  from space 1536K, 26% used [0x00000000d6700000,0x00000000d6764010,0x00000000d6880000)
  to   space 1024K, 0% used [0x00000000d6900000,0x00000000d6900000,0x00000000d6a00000)
 ParOldGen       total 68608K, used 42576K [0x0000000080000000, 0x0000000084300000, 0x00000000d5580000)
  object space 68608K, 62% used [0x0000000080000000,0x00000000829941c0,0x0000000084300000)
 Metaspace       used 63416K, committed 64832K, reserved 1114112K
  class space    used 8075K, committed 8704K, reserved 1048576K
}
Event: 26.064 GC heap after
{Heap after GC invocations=49 (full 3):
 PSYoungGen      total 18432K, used 944K [0x00000000d5580000, 0x00000000d6a00000, 0x0000000100000000)
  eden space 17408K, 0% used [0x00000000d5580000,0x00000000d5580000,0x00000000d6680000)
  from space 1024K, 92% used [0x00000000d6900000,0x00000000d69ec020,0x00000000d6a00000)
  to   space 1536K, 0% used [0x00000000d6700000,0x00000000d6700000,0x00000000d6880000)
 ParOldGen       total 68608K, used 42896K [0x0000000080000000, 0x0000000084300000, 0x00000000d5580000)
  object space 68608K, 62% used [0x0000000080000000,0x00000000829e41e0,0x0000000084300000)
 Metaspace       used 63416K, committed 64832K, reserved 1114112K
  class space    used 8075K, committed 8704K, reserved 1048576K
}
Event: 28.495 GC heap before
{Heap before GC invocations=50 (full 3):
 PSYoungGen      total 18432K, used 18352K [0x00000000d5580000, 0x00000000d6a00000, 0x0000000100000000)
  eden space 17408K, 100% used [0x00000000d5580000,0x00000000d6680000,0x00000000d6680000)
  from space 1024K, 92% used [0x00000000d6900000,0x00000000d69ec020,0x00000000d6a00000)
  to   space 1536K, 0% used [0x00000000d6700000,0x00000000d6700000,0x00000000d6880000)
 ParOldGen       total 68608K, used 42896K [0x0000000080000000, 0x0000000084300000, 0x00000000d5580000)
  object space 68608K, 62% used [0x0000000080000000,0x00000000829e41e0,0x0000000084300000)
 Metaspace       used 64153K, committed 65600K, reserved 1114112K
  class space    used 8160K, committed 8768K, reserved 1048576K
}
Event: 28.502 GC heap after
{Heap after GC invocations=50 (full 3):
 PSYoungGen      total 18944K, used 1096K [0x00000000d5580000, 0x00000000d6980000, 0x0000000100000000)
  eden space 17408K, 0% used [0x00000000d5580000,0x00000000d5580000,0x00000000d6680000)
  from space 1536K, 71% used [0x00000000d6700000,0x00000000d6812230,0x00000000d6880000)
  to   space 1024K, 0% used [0x00000000d6880000,0x00000000d6880000,0x00000000d6980000)
 ParOldGen       total 68608K, used 43772K [0x0000000080000000, 0x0000000084300000, 0x00000000d5580000)
  object space 68608K, 63% used [0x0000000080000000,0x0000000082abf200,0x0000000084300000)
 Metaspace       used 64153K, committed 65600K, reserved 1114112K
  class space    used 8160K, committed 8768K, reserved 1048576K
}
Event: 29.644 GC heap before
{Heap before GC invocations=51 (full 3):
 PSYoungGen      total 18944K, used 18504K [0x00000000d5580000, 0x00000000d6980000, 0x0000000100000000)
  eden space 17408K, 100% used [0x00000000d5580000,0x00000000d6680000,0x00000000d6680000)
  from space 1536K, 71% used [0x00000000d6700000,0x00000000d6812230,0x00000000d6880000)
  to   space 1024K, 0% used [0x00000000d6880000,0x00000000d6880000,0x00000000d6980000)
 ParOldGen       total 68608K, used 43772K [0x0000000080000000, 0x0000000084300000, 0x00000000d5580000)
  object space 68608K, 63% used [0x0000000080000000,0x0000000082abf200,0x0000000084300000)
 Metaspace       used 64391K, committed 65856K, reserved 1114112K
  class space    used 8187K, committed 8832K, reserved 1048576K
}
Event: 29.646 GC heap after
{Heap after GC invocations=51 (full 3):
 PSYoungGen      total 17920K, used 224K [0x00000000d5580000, 0x00000000d6900000, 0x0000000100000000)
  eden space 17408K, 0% used [0x00000000d5580000,0x00000000d5580000,0x00000000d6680000)
  from space 512K, 43% used [0x00000000d6880000,0x00000000d68b8000,0x00000000d6900000)
  to   space 1024K, 0% used [0x00000000d6700000,0x00000000d6700000,0x00000000d6800000)
 ParOldGen       total 68608K, used 44655K [0x0000000080000000, 0x0000000084300000, 0x00000000d5580000)
  object space 68608K, 65% used [0x0000000080000000,0x0000000082b9bd80,0x0000000084300000)
 Metaspace       used 64391K, committed 65856K, reserved 1114112K
  class space    used 8187K, committed 8832K, reserved 1048576K
}
Event: 30.905 GC heap before
{Heap before GC invocations=52 (full 3):
 PSYoungGen      total 17920K, used 17632K [0x00000000d5580000, 0x00000000d6900000, 0x0000000100000000)
  eden space 17408K, 100% used [0x00000000d5580000,0x00000000d6680000,0x00000000d6680000)
  from space 512K, 43% used [0x00000000d6880000,0x00000000d68b8000,0x00000000d6900000)
  to   space 1024K, 0% used [0x00000000d6700000,0x00000000d6700000,0x00000000d6800000)
 ParOldGen       total 68608K, used 44655K [0x0000000080000000, 0x0000000084300000, 0x00000000d5580000)
  object space 68608K, 65% used [0x0000000080000000,0x0000000082b9bd80,0x0000000084300000)
 Metaspace       used 64395K, committed 65856K, reserved 1114112K
  class space    used 8187K, committed 8832K, reserved 1048576K
}
Event: 30.906 GC heap after
{Heap after GC invocations=52 (full 3):
 PSYoungGen      total 18432K, used 192K [0x00000000d5580000, 0x00000000d6900000, 0x0000000100000000)
  eden space 17408K, 0% used [0x00000000d5580000,0x00000000d5580000,0x00000000d6680000)
  from space 1024K, 18% used [0x00000000d6700000,0x00000000d6730000,0x00000000d6800000)
  to   space 512K, 0% used [0x00000000d6880000,0x00000000d6880000,0x00000000d6900000)
 ParOldGen       total 68608K, used 44815K [0x0000000080000000, 0x0000000084300000, 0x00000000d5580000)
  object space 68608K, 65% used [0x0000000080000000,0x0000000082bc3d80,0x0000000084300000)
 Metaspace       used 64395K, committed 65856K, reserved 1114112K
  class space    used 8187K, committed 8832K, reserved 1048576K
}
Event: 32.105 GC heap before
{Heap before GC invocations=53 (full 3):
 PSYoungGen      total 18432K, used 17600K [0x00000000d5580000, 0x00000000d6900000, 0x0000000100000000)
  eden space 17408K, 100% used [0x00000000d5580000,0x00000000d6680000,0x00000000d6680000)
  from space 1024K, 18% used [0x00000000d6700000,0x00000000d6730000,0x00000000d6800000)
  to   space 512K, 0% used [0x00000000d6880000,0x00000000d6880000,0x00000000d6900000)
 ParOldGen       total 68608K, used 44815K [0x0000000080000000, 0x0000000084300000, 0x00000000d5580000)
  object space 68608K, 65% used [0x0000000080000000,0x0000000082bc3d80,0x0000000084300000)
 Metaspace       used 65086K, committed 66624K, reserved 1114112K
  class space    used 8268K, committed 8960K, reserved 1048576K
}
Event: 32.107 GC heap after
{Heap after GC invocations=53 (full 3):
 PSYoungGen      total 17920K, used 504K [0x00000000d5580000, 0x00000000d6900000, 0x0000000100000000)
  eden space 17408K, 0% used [0x00000000d5580000,0x00000000d5580000,0x00000000d6680000)
  from space 512K, 98% used [0x00000000d6880000,0x00000000d68fe1a8,0x00000000d6900000)
  to   space 1024K, 0% used [0x00000000d6700000,0x00000000d6700000,0x00000000d6800000)
 ParOldGen       total 68608K, used 45031K [0x0000000080000000, 0x0000000084300000, 0x00000000d5580000)
  object space 68608K, 65% used [0x0000000080000000,0x0000000082bf9d90,0x0000000084300000)
 Metaspace       used 65086K, committed 66624K, reserved 1114112K
  class space    used 8268K, committed 8960K, reserved 1048576K
}
Event: 40.408 GC heap before
{Heap before GC invocations=54 (full 3):
 PSYoungGen      total 17920K, used 17912K [0x00000000d5580000, 0x00000000d6900000, 0x0000000100000000)
  eden space 17408K, 100% used [0x00000000d5580000,0x00000000d6680000,0x00000000d6680000)
  from space 512K, 98% used [0x00000000d6880000,0x00000000d68fe1a8,0x00000000d6900000)
  to   space 1024K, 0% used [0x00000000d6700000,0x00000000d6700000,0x00000000d6800000)
 ParOldGen       total 68608K, used 45031K [0x0000000080000000, 0x0000000084300000, 0x00000000d5580000)
  object space 68608K, 65% used [0x0000000080000000,0x0000000082bf9d90,0x0000000084300000)
 Metaspace       used 65363K, committed 66880K, reserved 1114112K
  class space    used 8289K, committed 8960K, reserved 1048576K
}
Event: 40.413 GC heap after
{Heap after GC invocations=54 (full 3):
 PSYoungGen      total 18432K, used 728K [0x00000000d5580000, 0x00000000d6900000, 0x0000000100000000)
  eden space 17408K, 0% used [0x00000000d5580000,0x00000000d5580000,0x00000000d6680000)
  from space 1024K, 71% used [0x00000000d6700000,0x00000000d67b6088,0x00000000d6800000)
  to   space 1024K, 0% used [0x00000000d6800000,0x00000000d6800000,0x00000000d6900000)
 ParOldGen       total 68608K, used 45402K [0x0000000080000000, 0x0000000084300000, 0x00000000d5580000)
  object space 68608K, 66% used [0x0000000080000000,0x0000000082c56a10,0x0000000084300000)
 Metaspace       used 65363K, committed 66880K, reserved 1114112K
  class space    used 8289K, committed 8960K, reserved 1048576K
}

Dll operation events (15 events):
Event: 0.077 Loaded shared library c:\Users\Admin\.antigravity\extensions\redhat.java-1.54.0-win32-x64\jre\21.0.10-win32-x86_64\bin\java.dll
Event: 0.609 Loaded shared library c:\Users\Admin\.antigravity\extensions\redhat.java-1.54.0-win32-x64\jre\21.0.10-win32-x86_64\bin\zip.dll
Event: 0.684 Loaded shared library C:\Users\Admin\.antigravity\extensions\redhat.java-1.54.0-win32-x64\jre\21.0.10-win32-x86_64\bin\instrument.dll
Event: 0.707 Loaded shared library C:\Users\Admin\.antigravity\extensions\redhat.java-1.54.0-win32-x64\jre\21.0.10-win32-x86_64\bin\net.dll
Event: 0.718 Loaded shared library C:\Users\Admin\.antigravity\extensions\redhat.java-1.54.0-win32-x64\jre\21.0.10-win32-x86_64\bin\nio.dll
Event: 0.734 Loaded shared library C:\Users\Admin\.antigravity\extensions\redhat.java-1.54.0-win32-x64\jre\21.0.10-win32-x86_64\bin\zip.dll
Event: 0.800 Loaded shared library C:\Users\Admin\.antigravity\extensions\redhat.java-1.54.0-win32-x64\jre\21.0.10-win32-x86_64\bin\jimage.dll
Event: 1.036 Loaded shared library c:\Users\Admin\.antigravity\extensions\redhat.java-1.54.0-win32-x64\jre\21.0.10-win32-x86_64\bin\verify.dll
Event: 4.368 Loaded shared library C:\Users\Admin\AppData\Roaming\Antigravity\User\globalStorage\redhat.java\1.54.0\config_win\org.eclipse.equinox.launcher\org.eclipse.equinox.launcher.win32.win32.x86_64_1.3.0.v20260203-2149\eclipse_11919.dll
Event: 8.455 Loaded shared library C:\Users\Admin\AppData\Local\Temp\jna-63116079\jna7976641332291599206.dll
Event: 16.743 Loaded shared library C:\Users\Admin\.gradle\native\1def1411415f61bf3af743bc5b6707747c0891f09f0c88961ee8f79bc544acac\windows-amd64\native-platform.dll
Event: 19.871 Loaded shared library C:\Users\Admin\.antigravity\extensions\redhat.java-1.54.0-win32-x64\jre\21.0.10-win32-x86_64\bin\management.dll
Event: 19.880 Loaded shared library C:\Users\Admin\.antigravity\extensions\redhat.java-1.54.0-win32-x64\jre\21.0.10-win32-x86_64\bin\management_ext.dll
Event: 25.041 Loaded shared library C:\Users\Admin\.antigravity\extensions\redhat.java-1.54.0-win32-x64\jre\21.0.10-win32-x86_64\bin\extnet.dll
Event: 25.455 Loaded shared library C:\Users\Admin\.antigravity\extensions\redhat.java-1.54.0-win32-x64\jre\21.0.10-win32-x86_64\bin\sunmscapi.dll

Deoptimization events (20 events):
Event: 321.702 Thread 0x00000284107e8020 Uncommon trap: trap_request=0xffffffc6 fr.pc=0x00000283bd8d8314 relative=0x0000000000000794
Event: 321.702 Thread 0x00000284107e8020 Uncommon trap: reason=bimorphic_or_optimized_type_check action=maybe_recompile pc=0x00000283bd8d8314 method=java.io.DataOutputStream.writeInt(I)V @ 19 c2
Event: 321.702 Thread 0x00000284107e8020 DEOPT PACKING pc=0x00000283bd8d8314 sp=0x000000b3f45fece0
Event: 321.702 Thread 0x00000284107e8020 DEOPT UNPACKING pc=0x00000283bce06da2 sp=0x000000b3f45fecb8 mode 2
Event: 321.702 Thread 0x00000284107e8020 Uncommon trap: trap_request=0xffffffbe fr.pc=0x00000283bd8a1d14 relative=0x0000000000000d74
Event: 321.702 Thread 0x00000284107e8020 Uncommon trap: reason=profile_predicate action=maybe_recompile pc=0x00000283bd8a1d14 method=java.io.DataOutputStream.writeUTF(Ljava/lang/String;Ljava/io/DataOutput;)I @ 168 c2
Event: 321.702 Thread 0x00000284107e8020 DEOPT PACKING pc=0x00000283bd8a1d14 sp=0x000000b3f45fecb0
Event: 321.702 Thread 0x00000284107e8020 DEOPT UNPACKING pc=0x00000283bce06da2 sp=0x000000b3f45fec58 mode 2
Event: 321.705 Thread 0x00000284107e8020 Uncommon trap: trap_request=0xffffff45 fr.pc=0x00000283bd8a3404 relative=0x00000000000003c4
Event: 321.705 Thread 0x00000284107e8020 Uncommon trap: reason=unstable_if action=reinterpret pc=0x00000283bd8a3404 method=java.io.BufferedOutputStream.implWrite([BII)V @ 5 c2
Event: 321.705 Thread 0x00000284107e8020 DEOPT PACKING pc=0x00000283bd8a3404 sp=0x000000b3f45feae0
Event: 321.705 Thread 0x00000284107e8020 DEOPT UNPACKING pc=0x00000283bce06da2 sp=0x000000b3f45fea30 mode 2
Event: 321.705 Thread 0x00000284107e8020 Uncommon trap: trap_request=0xffffffbe fr.pc=0x00000283bd8a1d14 relative=0x0000000000000d74
Event: 321.705 Thread 0x00000284107e8020 Uncommon trap: reason=profile_predicate action=maybe_recompile pc=0x00000283bd8a1d14 method=java.io.DataOutputStream.writeUTF(Ljava/lang/String;Ljava/io/DataOutput;)I @ 168 c2
Event: 321.705 Thread 0x00000284107e8020 DEOPT PACKING pc=0x00000283bd8a1d14 sp=0x000000b3f45fecb0
Event: 321.705 Thread 0x00000284107e8020 DEOPT UNPACKING pc=0x00000283bce06da2 sp=0x000000b3f45fec58 mode 2
Event: 321.706 Thread 0x00000284107e8020 Uncommon trap: trap_request=0xffffff45 fr.pc=0x00000283bd8a2ad0 relative=0x0000000000000210
Event: 321.706 Thread 0x00000284107e8020 Uncommon trap: reason=unstable_if action=reinterpret pc=0x00000283bd8a2ad0 method=java.io.BufferedOutputStream.implWrite([BII)V @ 5 c2
Event: 321.706 Thread 0x00000284107e8020 DEOPT PACKING pc=0x00000283bd8a2ad0 sp=0x000000b3f45fea70
Event: 321.706 Thread 0x00000284107e8020 DEOPT UNPACKING pc=0x00000283bce06da2 sp=0x000000b3f45fea38 mode 2

Classes loaded (20 events):
Event: 41.098 Loading class java/io/SequenceInputStream
Event: 41.098 Loading class java/io/SequenceInputStream done
Event: 262.333 Loading class java/util/stream/DistinctOps
Event: 262.333 Loading class java/util/stream/DistinctOps done
Event: 262.333 Loading class java/util/stream/DistinctOps$1
Event: 262.334 Loading class java/util/stream/DistinctOps$1 done
Event: 262.338 Loading class java/util/stream/DistinctOps$1$2
Event: 262.339 Loading class java/util/stream/DistinctOps$1$2 done
Event: 321.666 Loading class java/util/concurrent/ForkJoinTask$AdaptedCallable
Event: 321.667 Loading class java/util/concurrent/ForkJoinTask$AdaptedCallable done
Event: 321.669 Loading class java/util/stream/Nodes$CollectorTask$OfRef
Event: 321.670 Loading class java/util/stream/Nodes$CollectorTask
Event: 321.670 Loading class java/util/stream/Nodes$CollectorTask done
Event: 321.670 Loading class java/util/stream/Nodes$CollectorTask$OfRef done
Event: 321.670 Loading class java/util/function/LongFunction
Event: 321.671 Loading class java/util/function/LongFunction done
Event: 321.671 Loading class java/util/stream/Nodes$ConcNode
Event: 321.672 Loading class java/util/stream/Nodes$AbstractConcNode
Event: 321.672 Loading class java/util/stream/Nodes$AbstractConcNode done
Event: 321.672 Loading class java/util/stream/Nodes$ConcNode done

Classes unloaded (17 events):
Event: 9.422 Thread 0x000002840a1a25d0 Unloading class 0x00000283ca1ab400 'java/lang/invoke/LambdaForm$MH+0x00000283ca1ab400'
Event: 9.422 Thread 0x000002840a1a25d0 Unloading class 0x00000283ca1ab000 'java/lang/invoke/LambdaForm$MH+0x00000283ca1ab000'
Event: 9.422 Thread 0x000002840a1a25d0 Unloading class 0x00000283ca1aac00 'java/lang/invoke/LambdaForm$MH+0x00000283ca1aac00'
Event: 9.422 Thread 0x000002840a1a25d0 Unloading class 0x00000283ca1aa800 'java/lang/invoke/LambdaForm$MH+0x00000283ca1aa800'
Event: 9.422 Thread 0x000002840a1a25d0 Unloading class 0x00000283ca1aa400 'java/lang/invoke/LambdaForm$BMH+0x00000283ca1aa400'
Event: 9.422 Thread 0x000002840a1a25d0 Unloading class 0x00000283ca1aa000 'java/lang/invoke/LambdaForm$DMH+0x00000283ca1aa000'
Event: 9.422 Thread 0x000002840a1a25d0 Unloading class 0x00000283ca1a8c00 'java/lang/invoke/LambdaForm$DMH+0x00000283ca1a8c00'
Event: 12.694 Thread 0x000002840a1a25d0 Unloading class 0x00000283ca2ef800 'java/lang/invoke/LambdaForm$MH+0x00000283ca2ef800'
Event: 12.694 Thread 0x000002840a1a25d0 Unloading class 0x00000283ca2eec00 'java/lang/invoke/LambdaForm$MH+0x00000283ca2eec00'
Event: 12.694 Thread 0x000002840a1a25d0 Unloading class 0x00000283ca2ee400 'java/lang/invoke/LambdaForm$MH+0x00000283ca2ee400'
Event: 12.694 Thread 0x000002840a1a25d0 Unloading class 0x00000283ca2ee000 'java/lang/invoke/LambdaForm$MH+0x00000283ca2ee000'
Event: 12.694 Thread 0x000002840a1a25d0 Unloading class 0x00000283ca2ed800 'java/lang/invoke/LambdaForm$DMH+0x00000283ca2ed800'
Event: 12.694 Thread 0x000002840a1a25d0 Unloading class 0x00000283ca2ecc00 'java/lang/invoke/LambdaForm$MH+0x00000283ca2ecc00'
Event: 12.694 Thread 0x000002840a1a25d0 Unloading class 0x00000283ca2e9400 'java/lang/invoke/LambdaForm$MH+0x00000283ca2e9400'
Event: 12.694 Thread 0x000002840a1a25d0 Unloading class 0x00000283ca2e8c00 'java/lang/invoke/LambdaForm$MH+0x00000283ca2e8c00'
Event: 12.694 Thread 0x000002840a1a25d0 Unloading class 0x00000283ca2e8400 'java/lang/invoke/LambdaForm$MH+0x00000283ca2e8400'
Event: 12.694 Thread 0x000002840a1a25d0 Unloading class 0x00000283ca2e3c00 'java/lang/invoke/LambdaForm$MH+0x00000283ca2e3c00'

Classes redefined (0 events):
No events

Internal exceptions (20 events):
Event: 31.104 Thread 0x00000284130afc80 Exception <a 'sun/nio/fs/WindowsException'{0x00000000d588dc10}> (0x00000000d588dc10) 
thrown [s\src\hotspot\share\prims\jni.cpp, line 520]
Event: 31.153 Thread 0x00000284130afc80 Exception <a 'sun/nio/fs/WindowsException'{0x00000000d5b63188}> (0x00000000d5b63188) 
thrown [s\src\hotspot\share\prims\jni.cpp, line 520]
Event: 31.154 Thread 0x00000284130afc80 Exception <a 'sun/nio/fs/WindowsException'{0x00000000d5b66880}> (0x00000000d5b66880) 
thrown [s\src\hotspot\share\prims\jni.cpp, line 520]
Event: 31.170 Thread 0x00000284130afc80 Exception <a 'java/lang/IncompatibleClassChangeError'{0x00000000d5c0c318}: Found class java.lang.Object, but interface was expected> (0x00000000d5c0c318) 
thrown [s\src\hotspot\share\interpreter\linkResolver.cpp, line 840]
Event: 31.184 Thread 0x0000028414b6a060 Implicit null exception at 0x00000283bd6eea77 to 0x00000283bd6ef220
Event: 33.189 Thread 0x00000284130b3790 Exception <a 'java/lang/NoSuchMethodError'{0x00000000d5f7cf80}: static Lorg/gradle/api/GradleException;.<clinit>()V> (0x00000000d5f7cf80) 
thrown [s\src\hotspot\share\prims\jni.cpp, line 1111]
Event: 33.190 Thread 0x00000284130b3790 Exception <a 'java/lang/NoSuchMethodError'{0x00000000d5f8dbb0}: static Lorg/gradle/internal/exceptions/ContextAwareException;.<clinit>()V> (0x00000000d5f8dbb0) 
thrown [s\src\hotspot\share\prims\jni.cpp, line 1111]
Event: 33.192 Thread 0x00000284130b3790 Exception <a 'java/lang/NoSuchMethodError'{0x00000000d5fa7b60}: static Lorg/gradle/internal/exceptions/LocationAwareException;.<clinit>()V> (0x00000000d5fa7b60) 
thrown [s\src\hotspot\share\prims\jni.cpp, line 1111]
Event: 40.865 Thread 0x0000028414b6e200 Exception <a 'java/lang/NoSuchMethodError'{0x00000000d59c41b0}: static Lorg/gradle/plugins/ide/internal/tooling/model/DefaultGradleProject;.<clinit>()V> (0x00000000d59c41b0) 
thrown [s\src\hotspot\share\prims\jni.cpp, line 1111]
Event: 40.867 Thread 0x0000028414b6e200 Exception <a 'java/lang/NoSuchMethodError'{0x00000000d59d83d0}: static Lorg/gradle/plugins/ide/internal/tooling/model/DefaultGradleScript;.<clinit>()V> (0x00000000d59d83d0) 
thrown [s\src\hotspot\share\prims\jni.cpp, line 1111]
Event: 40.907 Thread 0x0000028414b6e200 Exception <a 'java/lang/NoSuchMethodError'{0x00000000d5b0a318}: static Lorg/gradle/tooling/internal/gradle/DefaultProjectIdentifier;.<clinit>()V> (0x00000000d5b0a318) 
thrown [s\src\hotspot\share\prims\jni.cpp, line 1111]
Event: 40.909 Thread 0x0000028414b6e200 Exception <a 'java/lang/NoSuchMethodError'{0x00000000d5b18dc0}: static Lorg/gradle/tooling/internal/gradle/DefaultBuildIdentifier;.<clinit>()V> (0x00000000d5b18dc0) 
thrown [s\src\hotspot\share\prims\jni.cpp, line 1111]
Event: 40.920 Thread 0x0000028414b6e200 Exception <a 'java/lang/NoSuchMethodError'{0x00000000d5b5b140}: static Lorg/gradle/plugins/ide/internal/tooling/model/LaunchableGradleTask;.<clinit>()V> (0x00000000d5b5b140) 
thrown [s\src\hotspot\share\prims\jni.cpp, line 1111]
Event: 40.921 Thread 0x0000028414b6e200 Exception <a 'java/lang/NoSuchMethodError'{0x00000000d5b60f70}: static Lorg/gradle/plugins/ide/internal/tooling/model/LaunchableGradleProjectTask;.<clinit>()V> (0x00000000d5b60f70) 
thrown [s\src\hotspot\share\prims\jni.cpp, line 1111]
Event: 41.049 Thread 0x00000284107e8020 Exception <a 'java/lang/NoSuchMethodError'{0x00000000d6062ed0}: 'java.lang.Object java.lang.invoke.DirectMethodHandle$Holder.invokeStatic(java.lang.Object, java.lang.Object, int, java.lang.Object)'> (0x00000000d6062ed0) 
thrown [s\src\hotspot\share\interpreter\linkResolver.cpp, line 773]
Event: 41.051 Thread 0x00000284107e8020 Exception <a 'java/lang/NoSuchMethodError'{0x00000000d6069820}: 'java.lang.Object java.lang.invoke.DirectMethodHandle$Holder.newInvokeSpecial(java.lang.Object, java.lang.Object, int)'> (0x00000000d6069820) 
thrown [s\src\hotspot\share\interpreter\linkResolver.cpp, line 773]
Event: 41.136 Thread 0x00000284107e8020 Exception <a 'java/io/FileNotFoundException'{0x00000000d62e5410}> (0x00000000d62e5410) 
thrown [s\src\hotspot\share\prims\jni.cpp, line 520]
Event: 41.136 Thread 0x00000284107e8020 Exception <a 'java/io/FileNotFoundException'{0x00000000d62e64d8}> (0x00000000d62e64d8) 
thrown [s\src\hotspot\share\prims\jni.cpp, line 520]
Event: 321.682 Thread 0x00000284107e8020 Implicit null exception at 0x00000283bd87a886 to 0x00000283bd87aa6c
Event: 321.700 Thread 0x00000284107e8020 Exception <a 'java/lang/NoSuchMethodError'{0x00000000d6585048}: 'java.lang.Object java.lang.invoke.DirectMethodHandle$Holder.newInvokeSpecial(java.lang.Object, java.lang.Object, java.lang.Object, java.lang.Object, java.lang.Object, java.lang.Object, java.lang.Object, java.lang.Object)'> (0x00000000d6585048) 
thrown [s\src\hotspot\share\interpreter\linkResolver.cpp, line 773]

ZGC Phase Switch (0 events):
No events

VM Operations (20 events):
Event: 661.363 Executing non-safepoint VM operation: RendezvousGCThreads
Event: 661.363 Executing non-safepoint VM operation: RendezvousGCThreads done
Event: 721.530 Executing non-safepoint VM operation: HandshakeAllThreads (HandshakeForDeflation)
Event: 721.530 Executing non-safepoint VM operation: HandshakeAllThreads (HandshakeForDeflation) done
Event: 721.530 Executing non-safepoint VM operation: RendezvousGCThreads
Event: 721.530 Executing non-safepoint VM operation: RendezvousGCThreads done
Event: 781.672 Executing non-safepoint VM operation: HandshakeAllThreads (HandshakeForDeflation)
Event: 781.672 Executing non-safepoint VM operation: HandshakeAllThreads (HandshakeForDeflation) done
Event: 781.672 Executing non-safepoint VM operation: RendezvousGCThreads
Event: 781.672 Executing non-safepoint VM operation: RendezvousGCThreads done
Event: 784.674 Executing safepoint VM operation: Cleanup
Event: 784.674 Executing safepoint VM operation: Cleanup done
Event: 841.833 Executing non-safepoint VM operation: HandshakeAllThreads (HandshakeForDeflation)
Event: 841.833 Executing non-safepoint VM operation: HandshakeAllThreads (HandshakeForDeflation) done
Event: 841.833 Executing non-safepoint VM operation: RendezvousGCThreads
Event: 841.833 Executing non-safepoint VM operation: RendezvousGCThreads done
Event: 962.115 Executing non-safepoint VM operation: HandshakeAllThreads (HandshakeForDeflation)
Event: 962.115 Executing non-safepoint VM operation: HandshakeAllThreads (HandshakeForDeflation) done
Event: 962.115 Executing non-safepoint VM operation: RendezvousGCThreads
Event: 962.115 Executing non-safepoint VM operation: RendezvousGCThreads done

Memory protections (0 events):
No events

Nmethod flushes (20 events):
Event: 22.716 Thread 0x000002840a1a25d0 flushing  nmethod 0x00000283b6111710
Event: 22.716 Thread 0x000002840a1a25d0 flushing  nmethod 0x00000283b6115890
Event: 22.716 Thread 0x000002840a1a25d0 flushing  nmethod 0x00000283b613d590
Event: 22.716 Thread 0x000002840a1a25d0 flushing  nmethod 0x00000283b613eb90
Event: 22.716 Thread 0x000002840a1a25d0 flushing  nmethod 0x00000283b613fb90
Event: 22.716 Thread 0x000002840a1a25d0 flushing  nmethod 0x00000283b6141010
Event: 22.716 Thread 0x000002840a1a25d0 flushing  nmethod 0x00000283b6141990
Event: 22.716 Thread 0x000002840a1a25d0 flushing  nmethod 0x00000283b6141d90
Event: 22.716 Thread 0x000002840a1a25d0 flushing  nmethod 0x00000283b6142390
Event: 22.716 Thread 0x000002840a1a25d0 flushing  nmethod 0x00000283b6142810
Event: 22.716 Thread 0x000002840a1a25d0 flushing  nmethod 0x00000283b6142c10
Event: 22.716 Thread 0x000002840a1a25d0 flushing  nmethod 0x00000283b6143090
Event: 22.716 Thread 0x000002840a1a25d0 flushing  nmethod 0x00000283b6149590
Event: 22.716 Thread 0x000002840a1a25d0 flushing  nmethod 0x00000283b6149a10
Event: 22.716 Thread 0x000002840a1a25d0 flushing  nmethod 0x00000283b6149e90
Event: 22.716 Thread 0x000002840a1a25d0 flushing  nmethod 0x00000283b614ec90
Event: 22.716 Thread 0x000002840a1a25d0 flushing  nmethod 0x00000283b6157f90
Event: 22.716 Thread 0x000002840a1a25d0 flushing  nmethod 0x00000283b61a0d10
Event: 22.716 Thread 0x000002840a1a25d0 flushing  nmethod 0x00000283b61b5790
Event: 22.716 Thread 0x000002840a1a25d0 flushing  nmethod 0x00000283b61b6d90

Events (20 events):
Event: 33.464 Thread 0x00000284116d3830 Thread exited: 0x00000284116d3830
Event: 33.819 Thread 0x000002840a1fd3f0 Thread added: 0x00000284116d3830
Event: 36.859 Thread 0x00000284116d3830 Thread exited: 0x00000284116d3830
Event: 40.863 Thread 0x000002840a1fd3f0 Thread added: 0x00000284116d3830
Event: 40.940 Thread 0x0000028414b6e200 Thread exited: 0x0000028414b6e200
Event: 46.182 Thread 0x00000284116d3830 Thread exited: 0x00000284116d3830
Event: 92.023 Thread 0x0000028414b6a6f0 Thread exited: 0x0000028414b6a6f0
Event: 93.326 Thread 0x00000284107e8d40 Thread exited: 0x00000284107e8d40
Event: 93.326 Thread 0x00000284130ae240 Thread exited: 0x00000284130ae240
Event: 93.364 Thread 0x00000284107eb4a0 Thread exited: 0x00000284107eb4a0
Event: 94.445 Thread 0x00000284130adbb0 Thread exited: 0x00000284130adbb0
Event: 152.027 Thread 0x0000028414b6db70 Thread exited: 0x0000028414b6db70
Event: 212.037 Thread 0x0000028414b6a060 Thread exited: 0x0000028414b6a060
Event: 272.037 Thread 0x0000028414b68620 Thread exited: 0x0000028414b68620
Event: 321.667 Thread 0x00000284107e8020 Thread added: 0x00000284130adbb0
Event: 321.673 Thread 0x00000284130adbb0 Thread exited: 0x00000284130adbb0
Event: 321.684 Thread 0x00000284107e8020 Thread added: 0x00000284130adbb0
Event: 321.686 Thread 0x00000284130adbb0 Thread exited: 0x00000284130adbb0
Event: 321.709 Thread 0x000002840a1fd3f0 Thread added: 0x0000028414a15040
Event: 326.992 Thread 0x0000028414a15040 Thread exited: 0x0000028414a15040


Dynamic libraries:
0x00007ff6e0790000 - 0x00007ff6e079e000 	c:\Users\Admin\.antigravity\extensions\redhat.java-1.54.0-win32-x64\jre\21.0.10-win32-x86_64\bin\java.exe
0x00007ffce7800000 - 0x00007ffce7a67000 	C:\WINDOWS\SYSTEM32\ntdll.dll
0x00007ffce6330000 - 0x00007ffce63f9000 	C:\WINDOWS\System32\KERNEL32.DLL
0x00007ffce4e80000 - 0x00007ffce5274000 	C:\WINDOWS\System32\KERNELBASE.dll
0x00007ffce5440000 - 0x00007ffce558b000 	C:\WINDOWS\System32\ucrtbase.dll
0x00007ffcd51e0000 - 0x00007ffcd51f8000 	c:\Users\Admin\.antigravity\extensions\redhat.java-1.54.0-win32-x64\jre\21.0.10-win32-x86_64\bin\jli.dll
0x00007ffce7400000 - 0x00007ffce75c5000 	C:\WINDOWS\System32\USER32.dll
0x00007ffce4da0000 - 0x00007ffce4dc7000 	C:\WINDOWS\System32\win32u.dll
0x00007ffce6770000 - 0x00007ffce679b000 	C:\WINDOWS\System32\GDI32.dll
0x00007ffce5280000 - 0x00007ffce53ab000 	C:\WINDOWS\System32\gdi32full.dll
0x00007ffce4dd0000 - 0x00007ffce4e73000 	C:\WINDOWS\System32\msvcp_win.dll
0x00007ffcd5090000 - 0x00007ffcd50ae000 	c:\Users\Admin\.antigravity\extensions\redhat.java-1.54.0-win32-x64\jre\21.0.10-win32-x86_64\bin\VCRUNTIME140.dll
0x00007ffccc9d0000 - 0x00007ffcccc63000 	C:\WINDOWS\WinSxS\amd64_microsoft.windows.common-controls_6595b64144ccf1df_6.0.26100.8115_none_3e075c82e3354f9c\COMCTL32.dll
0x00007ffce5880000 - 0x00007ffce5929000 	C:\WINDOWS\System32\msvcrt.dll
0x00007ffce5b00000 - 0x00007ffce5b32000 	C:\WINDOWS\System32\IMM32.DLL
0x00007ffcde0f0000 - 0x00007ffcde0fc000 	c:\Users\Admin\.antigravity\extensions\redhat.java-1.54.0-win32-x64\jre\21.0.10-win32-x86_64\bin\vcruntime140_1.dll
0x00007ffcd4220000 - 0x00007ffcd42ad000 	c:\Users\Admin\.antigravity\extensions\redhat.java-1.54.0-win32-x64\jre\21.0.10-win32-x86_64\bin\msvcp140.dll
0x00007ffc6b940000 - 0x00007ffc6c6e1000 	c:\Users\Admin\.antigravity\extensions\redhat.java-1.54.0-win32-x64\jre\21.0.10-win32-x86_64\bin\server\jvm.dll
0x00007ffce5630000 - 0x00007ffce56e6000 	C:\WINDOWS\System32\ADVAPI32.dll
0x00007ffce57d0000 - 0x00007ffce5877000 	C:\WINDOWS\System32\sechost.dll
0x00007ffce75d0000 - 0x00007ffce76e8000 	C:\WINDOWS\System32\RPCRT4.dll
0x00007ffce6e10000 - 0x00007ffce6e90000 	C:\WINDOWS\System32\WS2_32.dll
0x00007ffce3ac0000 - 0x00007ffce3b1e000 	C:\WINDOWS\SYSTEM32\POWRPROF.dll
0x00007ffcca520000 - 0x00007ffcca556000 	C:\WINDOWS\SYSTEM32\WINMM.dll
0x00007ffccf8c0000 - 0x00007ffccf8cb000 	C:\WINDOWS\SYSTEM32\VERSION.dll
0x00007ffce3aa0000 - 0x00007ffce3ab4000 	C:\WINDOWS\SYSTEM32\UMPDC.dll
0x00007ffce2e20000 - 0x00007ffce2e3b000 	C:\WINDOWS\SYSTEM32\kernel.appcore.dll
0x00007ffcd51c0000 - 0x00007ffcd51ca000 	c:\Users\Admin\.antigravity\extensions\redhat.java-1.54.0-win32-x64\jre\21.0.10-win32-x86_64\bin\jimage.dll
0x00007ffce1f50000 - 0x00007ffce2192000 	C:\WINDOWS\SYSTEM32\DBGHELP.DLL
0x00007ffce6a80000 - 0x00007ffce6e02000 	C:\WINDOWS\System32\combase.dll
0x00007ffce56f0000 - 0x00007ffce57c8000 	C:\WINDOWS\System32\OLEAUT32.dll
0x00007ffcc5fa0000 - 0x00007ffcc5fdb000 	C:\WINDOWS\SYSTEM32\dbgcore.DLL
0x00007ffce4240000 - 0x00007ffce42e5000 	C:\WINDOWS\System32\bcryptPrimitives.dll
0x00007ffcd4160000 - 0x00007ffcd416f000 	c:\Users\Admin\.antigravity\extensions\redhat.java-1.54.0-win32-x64\jre\21.0.10-win32-x86_64\bin\instrument.dll
0x00007ffcd4e40000 - 0x00007ffcd4e60000 	c:\Users\Admin\.antigravity\extensions\redhat.java-1.54.0-win32-x64\jre\21.0.10-win32-x86_64\bin\java.dll
0x00007ffce5b40000 - 0x00007ffce62a7000 	C:\WINDOWS\System32\SHELL32.dll
0x00007ffce40d0000 - 0x00007ffce423a000 	C:\WINDOWS\System32\wintypes.dll
0x00007ffce4470000 - 0x00007ffce4cd8000 	C:\WINDOWS\System32\windows.storage.dll
0x00007ffce59f0000 - 0x00007ffce5ae8000 	C:\WINDOWS\System32\SHCORE.dll
0x00007ffce65a0000 - 0x00007ffce6606000 	C:\WINDOWS\System32\shlwapi.dll
0x00007ffce3ff0000 - 0x00007ffce4019000 	C:\WINDOWS\SYSTEM32\profapi.dll
0x00007ffcd4790000 - 0x00007ffcd47a8000 	c:\Users\Admin\.antigravity\extensions\redhat.java-1.54.0-win32-x64\jre\21.0.10-win32-x86_64\bin\zip.dll
0x00007ffcd4170000 - 0x00007ffcd4180000 	C:\Users\Admin\.antigravity\extensions\redhat.java-1.54.0-win32-x64\jre\21.0.10-win32-x86_64\bin\net.dll
0x00007ffcd8820000 - 0x00007ffcd894d000 	C:\WINDOWS\SYSTEM32\WINHTTP.dll
0x00007ffce3370000 - 0x00007ffce33dc000 	C:\WINDOWS\system32\mswsock.dll
0x00007ffcd31a0000 - 0x00007ffcd31b6000 	C:\Users\Admin\.antigravity\extensions\redhat.java-1.54.0-win32-x64\jre\21.0.10-win32-x86_64\bin\nio.dll
0x00007ffcd2ec0000 - 0x00007ffcd2ed0000 	c:\Users\Admin\.antigravity\extensions\redhat.java-1.54.0-win32-x64\jre\21.0.10-win32-x86_64\bin\verify.dll
0x00007ffcd1310000 - 0x00007ffcd1355000 	C:\Users\Admin\AppData\Roaming\Antigravity\User\globalStorage\redhat.java\1.54.0\config_win\org.eclipse.equinox.launcher\org.eclipse.equinox.launcher.win32.win32.x86_64_1.3.0.v20260203-2149\eclipse_11919.dll
0x00007ffce6400000 - 0x00007ffce6597000 	C:\WINDOWS\System32\ole32.dll
0x00007ffce3770000 - 0x00007ffce378b000 	C:\WINDOWS\SYSTEM32\CRYPTSP.dll
0x00007ffce2d80000 - 0x00007ffce2db9000 	C:\WINDOWS\system32\rsaenh.dll
0x00007ffce3420000 - 0x00007ffce3453000 	C:\WINDOWS\SYSTEM32\USERENV.dll
0x00007ffce3fc0000 - 0x00007ffce3fea000 	C:\WINDOWS\SYSTEM32\bcrypt.dll
0x00007ffce35d0000 - 0x00007ffce35dc000 	C:\WINDOWS\SYSTEM32\CRYPTBASE.dll
0x00007ffce2800000 - 0x00007ffce2832000 	C:\WINDOWS\SYSTEM32\IPHLPAPI.DLL
0x00007ffce76f0000 - 0x00007ffce76fa000 	C:\WINDOWS\System32\NSI.dll
0x00007ffcd10c0000 - 0x00007ffcd1109000 	C:\Users\Admin\AppData\Local\Temp\jna-63116079\jna7976641332291599206.dll
0x00007ffce5590000 - 0x00007ffce5598000 	C:\WINDOWS\System32\PSAPI.DLL
0x00007ffcdc450000 - 0x00007ffcdc46d000 	C:\WINDOWS\SYSTEM32\dhcpcsvc6.DLL
0x00007ffcdbb30000 - 0x00007ffcdbb55000 	C:\WINDOWS\SYSTEM32\dhcpcsvc.DLL
0x00007ffcd0270000 - 0x00007ffcd0297000 	C:\Users\Admin\.gradle\native\1def1411415f61bf3af743bc5b6707747c0891f09f0c88961ee8f79bc544acac\windows-amd64\native-platform.dll
0x00007ffcdf2c0000 - 0x00007ffcdf2ca000 	C:\Users\Admin\.antigravity\extensions\redhat.java-1.54.0-win32-x64\jre\21.0.10-win32-x86_64\bin\management.dll
0x00007ffcd2e60000 - 0x00007ffcd2e6c000 	C:\Users\Admin\.antigravity\extensions\redhat.java-1.54.0-win32-x64\jre\21.0.10-win32-x86_64\bin\management_ext.dll
0x00007ffcd4210000 - 0x00007ffcd4219000 	C:\Users\Admin\.antigravity\extensions\redhat.java-1.54.0-win32-x64\jre\21.0.10-win32-x86_64\bin\extnet.dll
0x00007ffcd4a80000 - 0x00007ffcd4a8e000 	C:\Users\Admin\.antigravity\extensions\redhat.java-1.54.0-win32-x64\jre\21.0.10-win32-x86_64\bin\sunmscapi.dll
0x00007ffce42f0000 - 0x00007ffce4467000 	C:\WINDOWS\System32\CRYPT32.dll
0x00007ffce3940000 - 0x00007ffce3970000 	C:\WINDOWS\SYSTEM32\ncrypt.dll
0x00007ffce38f0000 - 0x00007ffce392f000 	C:\WINDOWS\SYSTEM32\NTASN1.dll
0x00007ffcc6ff0000 - 0x00007ffcc6ff8000 	C:\WINDOWS\system32\wshunix.dll

JVMTI agents:
c:\Users\Admin\.antigravity\extensions\redhat.java-1.54.0-win32-x64\lombok\lombok-1.18.39-4050.jar path:c:\Users\Admin\.antigravity\extensions\redhat.java-1.54.0-win32-x64\jre\21.0.10-win32-x86_64\bin\instrument.dll, loaded, initialized, instrumentlib options:none

dbghelp: loaded successfully - version: 4.0.5 - missing functions: none
symbol engine: initialized successfully - sym options: 0x614 - pdb path: .;c:\Users\Admin\.antigravity\extensions\redhat.java-1.54.0-win32-x64\jre\21.0.10-win32-x86_64\bin;C:\WINDOWS\SYSTEM32;C:\WINDOWS\WinSxS\amd64_microsoft.windows.common-controls_6595b64144ccf1df_6.0.26100.8115_none_3e075c82e3354f9c;c:\Users\Admin\.antigravity\extensions\redhat.java-1.54.0-win32-x64\jre\21.0.10-win32-x86_64\bin\server;C:\Users\Admin\AppData\Roaming\Antigravity\User\globalStorage\redhat.java\1.54.0\config_win\org.eclipse.equinox.launcher\org.eclipse.equinox.launcher.win32.win32.x86_64_1.3.0.v20260203-2149;C:\Users\Admin\AppData\Local\Temp\jna-63116079;C:\Users\Admin\.gradle\native\1def1411415f61bf3af743bc5b6707747c0891f09f0c88961ee8f79bc544acac\windows-amd64

VM Arguments:
jvm_args: --add-modules=ALL-SYSTEM --add-opens=java.base/java.util=ALL-UNNAMED --add-opens=java.base/java.lang=ALL-UNNAMED --add-opens=java.base/sun.nio.fs=ALL-UNNAMED -Declipse.application=org.eclipse.jdt.ls.core.id1 -Dosgi.bundles.defaultStartLevel=4 -Declipse.product=org.eclipse.jdt.ls.core.product -Djava.import.generatesMetadataFilesAtProjectRoot=false -DDetectVMInstallationsJob.disabled=true -Dfile.encoding=utf8 -XX:+UseParallelGC -XX:GCTimeRatio=4 -XX:AdaptiveSizePolicyWeight=90 -Dsun.zip.disableMemoryMapping=true -Xmx2G -Xms100m -Xlog:disable -javaagent:c:\Users\Admin\.antigravity\extensions\redhat.java-1.54.0-win32-x64\lombok\lombok-1.18.39-4050.jar -XX:+HeapDumpOnOutOfMemoryError -XX:HeapDumpPath=c:\Users\Admin\AppData\Roaming\Antigravity\User\workspaceStorage\8b5de3eeaf1628201ceb0d5f4a4255c1\redhat.java -Daether.dependencyCollector.impl=bf 
java_command: c:\Users\Admin\.antigravity\extensions\redhat.java-1.54.0-win32-x64\server\plugins\org.eclipse.equinox.launcher_1.7.100.v20251111-0406.jar -configuration c:\Users\Admin\AppData\Roaming\Antigravity\User\globalStorage\redhat.java\1.54.0\config_win -data c:\Users\Admin\AppData\Roaming\Antigravity\User\workspaceStorage\8b5de3eeaf1628201ceb0d5f4a4255c1\redhat.java\jdt_ws --pipe=\\.\pipe\lsp-24e2022ab9603923865bfd32d9a7bd6e-sock
java_class_path (initial): c:\Users\Admin\.antigravity\extensions\redhat.java-1.54.0-win32-x64\server\plugins\org.eclipse.equinox.launcher_1.7.100.v20251111-0406.jar
Launcher Type: SUN_STANDARD

[Global flags]
    uintx AdaptiveSizePolicyWeight                 = 90                                        {product} {command line}
     intx CICompilerCount                          = 4                                         {product} {ergonomic}
    uintx GCTimeRatio                              = 4                                         {product} {command line}
     bool HeapDumpOnOutOfMemoryError               = true                                   {manageable} {command line}
    ccstr HeapDumpPath                             = c:\Users\Admin\AppData\Roaming\Antigravity\User\workspaceStorage\8b5de3eeaf1628201ceb0d5f4a4255c1\redhat.java         {manageable} {command line}
   size_t InitialHeapSize                          = 104857600                                 {product} {command line}
   size_t MaxHeapSize                              = 2147483648                                {product} {command line}
   size_t MaxNewSize                               = 715653120                                 {product} {ergonomic}
   size_t MinHeapDeltaBytes                        = 524288                                    {product} {ergonomic}
   size_t MinHeapSize                              = 104857600                                 {product} {command line}
   size_t NewSize                                  = 34603008                                  {product} {ergonomic}
    uintx NonNMethodCodeHeapSize                   = 5839372                                {pd product} {ergonomic}
    uintx NonProfiledCodeHeapSize                  = 122909434                              {pd product} {ergonomic}
   size_t OldSize                                  = 70254592                                  {product} {ergonomic}
    uintx ProfiledCodeHeapSize                     = 122909434                              {pd product} {ergonomic}
    uintx ReservedCodeCacheSize                    = 251658240                              {pd product} {ergonomic}
     bool SegmentedCodeCache                       = true                                      {product} {ergonomic}
   size_t SoftMaxHeapSize                          = 2147483648                             {manageable} {ergonomic}
     bool UseCompressedOops                        = true                           {product lp64_product} {ergonomic}
     bool UseLargePagesIndividualAllocation        = false                                  {pd product} {ergonomic}
     bool UseParallelGC                            = true                                      {product} {command line}

Logging:
Log output configuration:
 #0: stdout all=off uptime,level,tags foldmultilines=false
 #1: stderr all=off uptime,level,tags foldmultilines=false

Release file:
JAVA_VERSION="21.0.10" 
MODULES="java.base java.compiler java.datatransfer java.xml java.prefs java.desktop java.instrument java.logging java.management java.security.sasl java.naming java.rmi java.management.rmi java.net.http java.scripting java.security.jgss java.transaction.xa java.sql java.sql.rowset java.xml.crypto java.se java.smartcardio jdk.accessibility jdk.internal.jvmstat jdk.attach jdk.charsets jdk.internal.opt jdk.zipfs jdk.compiler jdk.crypto.ec jdk.crypto.cryptoki jdk.crypto.mscapi jdk.dynalink jdk.internal.ed jdk.editpad jdk.hotspot.agent jdk.httpserver jdk.internal.le jdk.internal.vm.ci jdk.internal.vm.compiler jdk.internal.vm.compiler.management jdk.jartool jdk.javadoc jdk.jcmd jdk.management jdk.management.agent jdk.jconsole jdk.jdeps jdk.jdwp.agent jdk.jdi jdk.jfr jdk.jshell jdk.jsobject jdk.jstatd jdk.localedata jdk.management.jfr jdk.naming.dns jdk.naming.rmi jdk.net jdk.nio.mapmode jdk.random jdk.sctp jdk.security.auth jdk.security.jgss jdk.unsupported jdk.unsupported.desktop jdk.xml.dom" 

Environment Variables:
PATH=C:\ProgramData\Oracle\Java\javapath;C:\WINDOWS\system32;C:\WINDOWS;C:\WINDOWS\System32\Wbem;C:\WINDOWS\System32\WindowsPowerShell\v1.0\;C:\WINDOWS\System32\OpenSSH\;C:\MinGW\bin;C:\Program Files\nodejs\;C:\Program Files\Git\cmd;C:\Program Files\cloudflared\;C:\Program Files (x86)\cloudflared\;C:\Users\Admin\.local\bin;C:\Users\Admin\AppData\Local\Microsoft\WindowsApps;C:\Users\Admin\AppData\Local\Programs\Microsoft VS Code\bin;C:\Users\Admin\AppData\Roaming\npm;C:\Users\Admin\AppData\Local\Programs\cursor\resources\app\bin;C:\Users\Admin\AppData\Local\Programs\Antigravity\bin
USERNAME=Admin
OS=Windows_NT
PROCESSOR_IDENTIFIER=Intel64 Family 6 Model 126 Stepping 5, GenuineIntel
TMP=C:\Users\Admin\AppData\Local\Temp
TEMP=C:\Users\Admin\AppData\Local\Temp




Periodic native trim disabled

---------------  S Y S T E M  ---------------

OS:
 Windows 11 , 64 bit Build 26100 (10.0.26100.8246)
OS uptime: 0 days 1:29 hours
Hyper-V role detected

CPU: total 8 (initial active 8) (4 cores per cpu, 2 threads per core) family 6 model 126 stepping 5 microcode 0xc2, cx8, cmov, fxsr, ht, mmx, 3dnowpref, sse, sse2, sse3, ssse3, sse4.1, sse4.2, popcnt, lzcnt, tsc, tscinvbit, avx, avx2, aes, erms, clmul, bmi1, bmi2, adx, avx512f, avx512dq, avx512cd, avx512bw, avx512vl, sha, fma, vzeroupper, avx512_vpopcntdq, avx512_vpclmulqdq, avx512_vaes, avx512_vnni, clflush, clflushopt, avx512_vbmi2, avx512_vbmi, hv, rdtscp, rdpid, fsrm, gfni, avx512_bitalg, f16c, avx512_ifma
Processor Information for the first 8 processors :
  Max Mhz: 1190, Current Mhz: 991, Mhz Limit: 987

Memory: 4k page, system-wide physical 7959M (996M free)
TotalPageFile size 32535M (AvailPageFile size 4M)
current process WorkingSet (physical memory assigned to process): 34M, peak: 280M
current process commit charge ("private bytes"): 370M, peak: 398M

vm_info: OpenJDK 64-Bit Server VM (21.0.10+7-LTS) for windows-amd64 JRE (21.0.10+7-LTS), built on 2026-01-20T00:00:00Z by "admin" with MS VC++ 17.12 (VS2022)

END.
